8200d8185885825840b3ac4c4190f4c4
a701b8ec36f8ec8c529a2bb922cc2e2f
7d994dc0ebff5c441acefde913abca01
6d2ef27f93a06d8839f07ccef00491a7
3b9a71af21103d3c5558406b327b445a
e7063bfd8769132ef21862edad13ac2a
77a1ce3c6d589c7ea67c953c4e65ebc9
e38bd70408764d2ac65d07