8201d81858308282196bad581a15e75d
a75db2407b9bb23880d8a023d8817cd0
f35f93ca13ed